=== Starting Server Verification ===
Testing GET http://localhost:5000/estado... [OK]
Current Location: bosque
Testing GET http://localhost:5000/reiniciar... [OK]

Testing GET http://localhost:5000/caminos... [FAILED]
Error: Error en el servidor remoto: (500) Error interno del servidor.
Testing GET http://localhost:5000/objetos_lugar... [FAILED]
Error: Error en el servidor remoto: (500) Error interno del servidor.
Testing GET http://localhost:5000/verifica_gane... [FAILED]
Error: Error en el servidor remoto: (404) No se encontró.
=== Verification Complete ===
Note: If connection failed, ensure the Prolog server is running on port 5000.
mensaje                         r
                                e
                                s
                                u
                                l
                                t
                                a
                                d
                                o
-------                         -
Juego reiniciado correctamente. o


